// Vitest Snapshot v1, https://vitest.dev/guide/snapshot.html

exports[`createAndFillPng > should create a PNG with the correct dimensions 1`] = `
Uint8Array [
  50,
  100,
  150,
  255,
  60,
  120,
  180,
  255,
  0,
  0,
  0,
  0,
  0,
  0,
  0,
  0,
  70,
  140,
  210,
  255,
  50,
  100,
  150,
  255,
  0,
  0,
  0,
  0,
  0,
  0,
  0,
  0,
  0,
  0,
  0,
  0,
  0,
  0,
  0,
  0,
  0,
  0,
  0,
  0,
  0,
  0,
  0,
  0,
  0,
  0,
  0,
  0,
  0,
  0,
  0,
  0,
  0,
  0,
  0,
  0,
  0,
  0,
  0,
  0,
]
`;

exports[`createAndFillPng > should fill the PNG data with the correct colors 1`] = `
Uint8Array [
  50,
  100,
  150,
  255,
  60,
  120,
  180,
  255,
  50,
  100,
  150,
  255,
  60,
  120,
  180,
  255,
  70,
  140,
  210,
  255,
  50,
  100,
  150,
  255,
  70,
  140,
  210,
  255,
  50,
  100,
  150,
  255,
  50,
  100,
  150,
  255,
  60,
  120,
  180,
  255,
  50,
  100,
  150,
  255,
  60,
  120,
  180,
  255,
  70,
  140,
  210,
  255,
  50,
  100,
  150,
  255,
  70,
  140,
  210,
  255,
  50,
  100,
  150,
  255,
]
`;
